
> financial-audit-software@1.0.0 test
> jest src/__tests__/components/Layout/Profile.test.tsx

node.exe : FAIL src/_
_tests__/components/L
ayout/Profile.test.ts
x
At line:1 char:1
+ & "C:\Program Files
\nodejs/node.exe" "C:
\Program Files\nodejs
/node_mo ...
+ ~~~~~~~~~~~~~~~~~~~
~~~~~~~~~~~~~~~~~~~~~
~~~~~~~~~~~~~~~~~~~~~
~~~~~~~~
    + CategoryInfo   
           : NotSpe  
  cified: (FAIL sr   
 c/__test...rofil    
e.test.tsx:Strin    g
) [], RemoteExc    ep
tion
    + FullyQualified 
   ErrorId : Native  
  CommandError
 
  Profile Component
    ÔêÜ should render
 profile button with 
avatar (51 ms)
    ├ù should open po
pover when profile bu
tton is clicked (68 m
s)
    ├ù should display
 logout button in pop
over (21 ms)
    ├ù should close p
opover when clicking 
outside (22 ms)
    ├ù should format 
yetki correctly when 
camelCase (26 ms)

  ÔùÅ Profile Compone
nt ÔÇ║ should open po
pover when profile bu
tton is clicked

    TypeError: Cannot
 read properties of n
ull (reading 'split')

    [0m [90m 45 |[
39m [36mconst[39m 
[33mProfileItems[39m
 [33m=[39m () [33m
=>[39m {
     [90m 46 |[39m 
  [36mconst[39m pat
hname [33m=[39m use
Pathname()[33m;[39m
    [31m[1m>[22m[
39m[90m 47 |[39m   
[36mconst[39m pathD
irect [33m=[39m pat
hname[33m.[39msplit
([32m"/"[39m)[33m.
[39mslice([35m0[39
m[33m,[39m [35m2[
39m)[33m.[39mjoin(
[32m"/"[39m)[33m;[
39m
     [90m    |[39m 
                     
         [31m[1m^[
22m[39m
     [90m 48 |[39m 
  [36mconst[39m pat
hWithoutLastPart [33
m=[39m pathname[33m
.[39mslice([35m0[3
9m[33m,[39m pathnam
e[33m.[39mlastIndex
Of([32m"/"[39m))[3
3m;[39m
     [90m 49 |[39m
     [90m 50 |[39m 
  [36mconst[39m dis
patch [33m=[39m use
Dispatch()[33m;[39m
[0m

      at split (C:\Us
ers\lenov\source\repo
s\dev2ninovasyon\FasW
ebUI\src\app\(Uygulam
a)../../../../../../c
omponents/Layout/Vert
ical/Header/Profile/P
rofileItems.tsx:47:31
)
      at Object.react
_stack_bottom_frame (
node_modules/react-do
m/cjs/react-dom-clien
t.development.js:2590
4:20)
      at renderWithHo
oks (node_modules/rea
ct-dom/cjs/react-dom-
client.development.js
:7662:22)
      at updateFuncti
onComponent (node_mod
ules/react-dom/cjs/re
act-dom-client.develo
pment.js:10166:19)
      at beginWork (n
ode_modules/react-dom
/cjs/react-dom-client
.development.js:11778
:18)
      at runWithFiber
InDEV (node_modules/r
eact-dom/cjs/react-do
m-client.development.
js:874:13)
      at performUnitO
fWork (node_modules/r
eact-dom/cjs/react-do
m-client.development.
js:17641:22)
      at workLoopSync
 (node_modules/react-
dom/cjs/react-dom-cli
ent.development.js:17
469:41)
      at renderRootSy
nc (node_modules/reac
t-dom/cjs/react-dom-c
lient.development.js:
17450:11)
      at performWorkO
nRoot (node_modules/r
eact-dom/cjs/react-do
m-client.development.
js:16583:35)
      at performSyncW
orkOnRoot (node_modul
es/react-dom/cjs/reac
t-dom-client.developm
ent.js:18972:7)
      at flushSyncWor
kAcrossRoots_impl (no
de_modules/react-dom/
cjs/react-dom-client.
development.js:18814:
21)
      at processRootS
cheduleInMicrotask (n
ode_modules/react-dom
/cjs/react-dom-client
.development.js:18853
:9)
      at node_modules
/react-dom/cjs/react-
dom-client.developmen
t.js:18982:11
      at flushActQueu
e (node_modules/react
/cjs/react.developmen
t.js:590:34)
      at Object.<anon
ymous>.process.env.NO
DE_ENV.exports.act (n
ode_modules/react/cjs
/react.development.js
:884:10)
      at node_modules
/@testing-library/rea
ct/dist/act-compat.js
:46:25
      at Object.event
Wrapper (node_modules
/@testing-library/rea
ct/dist/pure.js:106:2
8)
      at fireEvent (n
ode_modules/@testing-
library/dom/dist/even
ts.js:12:35)
      at fireEvent.<c
omputed> [as click] (
node_modules/@testing
-library/dom/dist/eve
nts.js:110:36)
      at fireEvent.<c
omputed> [as click] (
node_modules/@testing
-library/react/dist/f
ire-event.js:15:52)
      at Object.click
 (src/__tests__/compo
nents/Layout/Profile.
test.tsx:54:19)

  ÔùÅ Profile Compone
nt ÔÇ║ should display
 logout button in pop
over

    TypeError: Cannot
 read properties of n
ull (reading 'split')

    [0m [90m 45 |[
39m [36mconst[39m 
[33mProfileItems[39m
 [33m=[39m () [33m
=>[39m {
     [90m 46 |[39m 
  [36mconst[39m pat
hname [33m=[39m use
Pathname()[33m;[39m
    [31m[1m>[22m[
39m[90m 47 |[39m   
[36mconst[39m pathD
irect [33m=[39m pat
hname[33m.[39msplit
([32m"/"[39m)[33m.
[39mslice([35m0[39
m[33m,[39m [35m2[
39m)[33m.[39mjoin(
[32m"/"[39m)[33m;[
39m
     [90m    |[39m 
                     
         [31m[1m^[
22m[39m
     [90m 48 |[39m 
  [36mconst[39m pat
hWithoutLastPart [33
m=[39m pathname[33m
.[39mslice([35m0[3
9m[33m,[39m pathnam
e[33m.[39mlastIndex
Of([32m"/"[39m))[3
3m;[39m
     [90m 49 |[39m
     [90m 50 |[39m 
  [36mconst[39m dis
patch [33m=[39m use
Dispatch()[33m;[39m
[0m

      at split (C:\Us
ers\lenov\source\repo
s\dev2ninovasyon\FasW
ebUI\src\app\(Uygulam
a)../../../../../../c
omponents/Layout/Vert
ical/Header/Profile/P
rofileItems.tsx:47:31
)
      at Object.react
_stack_bottom_frame (
node_modules/react-do
m/cjs/react-dom-clien
t.development.js:2590
4:20)
      at renderWithHo
oks (node_modules/rea
ct-dom/cjs/react-dom-
client.development.js
:7662:22)
      at updateFuncti
onComponent (node_mod
ules/react-dom/cjs/re
act-dom-client.develo
pment.js:10166:19)
      at beginWork (n
ode_modules/react-dom
/cjs/react-dom-client
.development.js:11778
:18)
      at runWithFiber
InDEV (node_modules/r
eact-dom/cjs/react-do
m-client.development.
js:874:13)
      at performUnitO
fWork (node_modules/r
eact-dom/cjs/react-do
m-client.development.
js:17641:22)
      at workLoopSync
 (node_modules/react-
dom/cjs/react-dom-cli
ent.development.js:17
469:41)
      at renderRootSy
nc (node_modules/reac
t-dom/cjs/react-dom-c
lient.development.js:
17450:11)
      at performWorkO
nRoot (node_modules/r
eact-dom/cjs/react-do
m-client.development.
js:16583:35)
      at performSyncW
orkOnRoot (node_modul
es/react-dom/cjs/reac
t-dom-client.developm
ent.js:18972:7)
      at flushSyncWor
kAcrossRoots_impl (no
de_modules/react-dom/
cjs/react-dom-client.
development.js:18814:
21)
      at processRootS
cheduleInMicrotask (n
ode_modules/react-dom
/cjs/react-dom-client
.development.js:18853
:9)
      at node_modules
/react-dom/cjs/react-
dom-client.developmen
t.js:18982:11
      at flushActQueu
e (node_modules/react
/cjs/react.developmen
t.js:590:34)
      at Object.<anon
ymous>.process.env.NO
DE_ENV.exports.act (n
ode_modules/react/cjs
/react.development.js
:884:10)
      at node_modules
/@testing-library/rea
ct/dist/act-compat.js
:46:25
      at Object.event
Wrapper (node_modules
/@testing-library/rea
ct/dist/pure.js:106:2
8)
      at fireEvent (n
ode_modules/@testing-
library/dom/dist/even
ts.js:12:35)
      at fireEvent.<c
omputed> [as click] (
node_modules/@testing
-library/dom/dist/eve
nts.js:110:36)
      at fireEvent.<c
omputed> [as click] (
node_modules/@testing
-library/react/dist/f
ire-event.js:15:52)
      at Object.click
 (src/__tests__/compo
nents/Layout/Profile.
test.tsx:71:19)

  ÔùÅ Profile Compone
nt ÔÇ║ should close p
opover when clicking 
outside

    TypeError: Cannot
 read properties of n
ull (reading 'split')

    [0m [90m 45 |[
39m [36mconst[39m 
[33mProfileItems[39m
 [33m=[39m () [33m
=>[39m {
     [90m 46 |[39m 
  [36mconst[39m pat
hname [33m=[39m use
Pathname()[33m;[39m
    [31m[1m>[22m[
39m[90m 47 |[39m   
[36mconst[39m pathD
irect [33m=[39m pat
hname[33m.[39msplit
([32m"/"[39m)[33m.
[39mslice([35m0[39
m[33m,[39m [35m2[
39m)[33m.[39mjoin(
[32m"/"[39m)[33m;[
39m
     [90m    |[39m 
                     
         [31m[1m^[
22m[39m
     [90m 48 |[39m 
  [36mconst[39m pat
hWithoutLastPart [33
m=[39m pathname[33m
.[39mslice([35m0[3
9m[33m,[39m pathnam
e[33m.[39mlastIndex
Of([32m"/"[39m))[3
3m;[39m
     [90m 49 |[39m
     [90m 50 |[39m 
  [36mconst[39m dis
patch [33m=[39m use
Dispatch()[33m;[39m
[0m

      at split (C:\Us
ers\lenov\source\repo
s\dev2ninovasyon\FasW
ebUI\src\app\(Uygulam
a)../../../../../../c
omponents/Layout/Vert
ical/Header/Profile/P
rofileItems.tsx:47:31
)
      at Object.react
_stack_bottom_frame (
node_modules/react-do
m/cjs/react-dom-clien
t.development.js:2590
4:20)
      at renderWithHo
oks (node_modules/rea
ct-dom/cjs/react-dom-
client.development.js
:7662:22)
      at updateFuncti
onComponent (node_mod
ules/react-dom/cjs/re
act-dom-client.develo
pment.js:10166:19)
      at beginWork (n
ode_modules/react-dom
/cjs/react-dom-client
.development.js:11778
:18)
      at runWithFiber
InDEV (node_modules/r
eact-dom/cjs/react-do
m-client.development.
js:874:13)
      at performUnitO
fWork (node_modules/r
eact-dom/cjs/react-do
m-client.development.
js:17641:22)
      at workLoopSync
 (node_modules/react-
dom/cjs/react-dom-cli
ent.development.js:17
469:41)
      at renderRootSy
nc (node_modules/reac
t-dom/cjs/react-dom-c
lient.development.js:
17450:11)
      at performWorkO
nRoot (node_modules/r
eact-dom/cjs/react-do
m-client.development.
js:16583:35)
      at performSyncW
orkOnRoot (node_modul
es/react-dom/cjs/reac
t-dom-client.developm
ent.js:18972:7)
      at flushSyncWor
kAcrossRoots_impl (no
de_modules/react-dom/
cjs/react-dom-client.
development.js:18814:
21)
      at processRootS
cheduleInMicrotask (n
ode_modules/react-dom
/cjs/react-dom-client
.development.js:18853
:9)
      at node_modules
/react-dom/cjs/react-
dom-client.developmen
t.js:18982:11
      at flushActQueu
e (node_modules/react
/cjs/react.developmen
t.js:590:34)
      at Object.<anon
ymous>.process.env.NO
DE_ENV.exports.act (n
ode_modules/react/cjs
/react.development.js
:884:10)
      at node_modules
/@testing-library/rea
ct/dist/act-compat.js
:46:25
      at Object.event
Wrapper (node_modules
/@testing-library/rea
ct/dist/pure.js:106:2
8)
      at fireEvent (n
ode_modules/@testing-
library/dom/dist/even
ts.js:12:35)
      at fireEvent.<c
omputed> [as click] (
node_modules/@testing
-library/dom/dist/eve
nts.js:110:36)
      at fireEvent.<c
omputed> [as click] (
node_modules/@testing
-library/react/dist/f
ire-event.js:15:52)
      at Object.click
 (src/__tests__/compo
nents/Layout/Profile.
test.tsx:86:19)

  ÔùÅ Profile Compone
nt ÔÇ║ should format 
yetki correctly when 
camelCase

    TypeError: Cannot
 read properties of n
ull (reading 'split')

    [0m [90m 45 |[
39m [36mconst[39m 
[33mProfileItems[39m
 [33m=[39m () [33m
=>[39m {
     [90m 46 |[39m 
  [36mconst[39m pat
hname [33m=[39m use
Pathname()[33m;[39m
    [31m[1m>[22m[
39m[90m 47 |[39m   
[36mconst[39m pathD
irect [33m=[39m pat
hname[33m.[39msplit
([32m"/"[39m)[33m.
[39mslice([35m0[39
m[33m,[39m [35m2[
39m)[33m.[39mjoin(
[32m"/"[39m)[33m;[
39m
     [90m    |[39m 
                     
         [31m[1m^[
22m[39m
     [90m 48 |[39m 
  [36mconst[39m pat
hWithoutLastPart [33
m=[39m pathname[33m
.[39mslice([35m0[3
9m[33m,[39m pathnam
e[33m.[39mlastIndex
Of([32m"/"[39m))[3
3m;[39m
     [90m 49 |[39m
     [90m 50 |[39m 
  [36mconst[39m dis
patch [33m=[39m use
Dispatch()[33m;[39m
[0m

      at split (C:\Us
ers\lenov\source\repo
s\dev2ninovasyon\FasW
ebUI\src\app\(Uygulam
a)../../../../../../c
omponents/Layout/Vert
ical/Header/Profile/P
rofileItems.tsx:47:31
)
      at Object.react
_stack_bottom_frame (
node_modules/react-do
m/cjs/react-dom-clien
t.development.js:2590
4:20)
      at renderWithHo
oks (node_modules/rea
ct-dom/cjs/react-dom-
client.development.js
:7662:22)
      at updateFuncti
onComponent (node_mod
ules/react-dom/cjs/re
act-dom-client.develo
pment.js:10166:19)
      at beginWork (n
ode_modules/react-dom
/cjs/react-dom-client
.development.js:11778
:18)
      at runWithFiber
InDEV (node_modules/r
eact-dom/cjs/react-do
m-client.development.
js:874:13)
      at performUnitO
fWork (node_modules/r
eact-dom/cjs/react-do
m-client.development.
js:17641:22)
      at workLoopSync
 (node_modules/react-
dom/cjs/react-dom-cli
ent.development.js:17
469:41)
      at renderRootSy
nc (node_modules/reac
t-dom/cjs/react-dom-c
lient.development.js:
17450:11)
      at performWorkO
nRoot (node_modules/r
eact-dom/cjs/react-do
m-client.development.
js:16583:35)
      at performSyncW
orkOnRoot (node_modul
es/react-dom/cjs/reac
t-dom-client.developm
ent.js:18972:7)
      at flushSyncWor
kAcrossRoots_impl (no
de_modules/react-dom/
cjs/react-dom-client.
development.js:18814:
21)
      at processRootS
cheduleInMicrotask (n
ode_modules/react-dom
/cjs/react-dom-client
.development.js:18853
:9)
      at node_modules
/react-dom/cjs/react-
dom-client.developmen
t.js:18982:11
      at flushActQueu
e (node_modules/react
/cjs/react.developmen
t.js:590:34)
      at Object.<anon
ymous>.process.env.NO
DE_ENV.exports.act (n
ode_modules/react/cjs
/react.development.js
:884:10)
      at node_modules
/@testing-library/rea
ct/dist/act-compat.js
:46:25
      at Object.event
Wrapper (node_modules
/@testing-library/rea
ct/dist/pure.js:106:2
8)
      at fireEvent (n
ode_modules/@testing-
library/dom/dist/even
ts.js:12:35)
      at fireEvent.<c
omputed> [as click] (
node_modules/@testing
-library/dom/dist/eve
nts.js:110:36)
      at fireEvent.<c
omputed> [as click] (
node_modules/@testing
-library/react/dist/f
ire-event.js:15:52)
      at Object.click
 (src/__tests__/compo
nents/Layout/Profile.
test.tsx:121:19)

Test Suites: 1 failed
, 1 total
Tests:       4 failed
, 1 passed, 5 total
Snapshots:   0 total
Time:        2.397 s
Ran all test suites m
atching /src\\__tests
__\\components\\Layou
t\\Profile.test.tsx/i
.
